[pube.finance/index.html]
[backblue.gif]
[fade.gif]
[index.html]
[pube.finance/wp-content/plugins/bdthemes-element-pack/assets/css/bdt-uikita25a.css]
[pube.finance/wp-content/plugins/bdthemes-element-pack/assets/css/element-pack-site3e35.css]
[pube.finance/feed/index.html]
[pube.finance/wp-includes/css/dist/block-library/style.mina78f.css]
[pube.finance/wp-content/plugins/popup-builder/public/css/themea54c.css]
[pube.finance/wp-content/uploads/essential-addons-elementor/cb70d11b8.mind3c6.css]
[pube.finance/comments/feed/index.html]
[pube.finance/wp-content/plugins/elementor/assets/lib/eicons/css/elementor-icons.min21f9.css]
[pube.finance/wp-content/plugins/elementor/assets/lib/animations/animations.mine5ca.css]
[pube.finance/wp-content/plugins/elementor/assets/css/frontend.mine5ca.css]
[pube.finance/wp-content/plugins/elementor/assets/lib/eicons/fonts/eicons0b93.eot]
[pube.finance/wp-content/uploads/elementor/css/post-401a41.css]
[pube.finance/wp-content/uploads/elementor/css/post-51959e.css]
[pube.finance/wp-content/plugins/uicore-framework/assets/css/frontend7406.css]
[pube.finance/wp-content/plugins/uicore-framework/assets/fonts/uicore-icons7406.css]
[pube.finance/wp-content/plugins/elementor/assets/lib/font-awesome/css/fontawesome.min9e0b.css]
[pube.finance/wp-includes/js/jquery/jquery.min9d52.js]
[pube.finance/wp-includes/js/jquery/jquery-migrate.mind617.js]
[pube.finance/wp-content/plugins/popup-builder/public/js/Popupa54c.js]
[pube.finance/wp-content/plugins/popup-builder/public/js/PopupConfiga54c.js]
[pube.finance/wp-content/plugins/popup-builder/public/js/PopupBuildera54c.js]
[pube.finance/wp-json/index.html]
[pube.finance/wp-json/wp/v2/pages/51.json]
[pube.finance/xmlrpc0db0.php]
[pube.finance/wp-includes/wlwmanifest.xml]
[pube.finance/wp-json/oembed/1.0/embedc5c2.json]
[pube.finance/wp-json/oembed/1.0/embedb019]
[pube.finance/wp-content/uploads/2021/05/Vector.png]
[pube.finance/wp-content/uploads/2021/05/pube-logo-150x150.png]
[pube.finance/wp-content/uploads/2021/05/pube-logo-298x300.png]
[pube.finance/wp-content/uploads/2021/05/Mont-ExtraLightDEMO.ttf]
[pube.finance/wp-content/uploads/2021/05/Mont-HeavyDEMO.ttf]
[pube.finance/wp-content/plugins/uicore-framework/assets/fonts/uicore-icons0c4c.woff]
[pube.finance/wp-content/uploads/2021/05/PUBE-Whitepaper.pdf]
[pube.finance/wp-content/uploads/2021/05/BscScan-logo-light.png]
[pube.finance/wp-content/uploads/2021/05/39501128-e66e2a18-4d6d-11e8-9e16-88655102da6c-1.png]
[pube.finance/wp-content/uploads/2021/05/coingecko-logo-white-3f2aeb48e13428b7199395259dbb96280bf47ea05b2940ef7d3e87c61e4d8408.png]
[pube.finance/wp-content/uploads/2021/05/coinbase.d491999a12d7c093ec6cd83ad64a1e23.png]
[pbs.twimg.com/profile_images/1395452839669927938/PCiZhfBc_normal.jpg]
[pbs.twimg.com/profile_images/1395111536356638728/Rhv1fSXh_normal.jpg]
[pbs.twimg.com/media/E3PudY3XMAMpWT7.png]
[pube.finance/wp-content/uploads/2021/05/coming-soon.png]
[pube.finance/wp-content/plugins/bdthemes-element-pack/assets/css/ep-advanced-button3e35.css]
[pube.finance/wp-content/plugins/bdthemes-element-pack/assets/css/ep-advanced-icon-box3e35.css]
[pube.finance/wp-content/plugins/elementor/assets/lib/font-awesome/css/all.min7035.css]
[pube.finance/wp-content/plugins/elementor/assets/lib/font-awesome/css/v4-shims.min13f7.css]
[pube.finance/wp-content/plugins/bdthemes-element-pack/assets/css/ep-price-list3e35.css]
[pube.finance/wp-content/plugins/real-time-auto-find-and-replace/assets/js/rtafar.local578f.js]
[pube.finance/wp-content/uploads/essential-addons-elementor/cb70d11b8.mind3c6.js]
[pube.finance/wp-content/plugins/real-time-auto-find-and-replace/assets/js/rtafar.app.min578f.js]
[pube.finance/wp-content/plugins/uicore-framework/assets/js/manifest.min6fef.js]
[pube.finance/wp-content/plugins/uicore-framework/assets/js/frontend.min6fef.js]
[pube.finance/wp-includes/js/wp-embed.mina78f.js]
[pube.finance/wp-content/plugins/elementor/assets/lib/jquery-numerator/jquery-numerator.min3958.js]
[pube.finance/wp-content/plugins/elementor/assets/lib/font-awesome/js/v4-shims.min13f7.js]
[pube.finance/wp-content/plugins/bdthemes-element-pack/assets/js/bdt-uikit.mina25a.js]
[pube.finance/wp-content/plugins/elementor/assets/js/webpack.runtime.mine5ca.js]
[pube.finance/wp-content/plugins/elementor/assets/js/frontend-modules.mine5ca.js]
[pube.finance/wp-content/plugins/elementor/assets/lib/waypoints/waypoints.min05da.js]
[pube.finance/wp-includes/js/jquery/ui/core.min35d0.js]
[pube.finance/wp-content/plugins/elementor/assets/lib/swiper/swiper.min48f5.js]
[pube.finance/wp-content/plugins/elementor/assets/lib/share-link/share-link.mine5ca.js]
[pube.finance/wp-content/plugins/elementor/assets/lib/dialog/dialog.mina288.js]
[pube.finance/wp-content/plugins/elementor/assets/js/frontend.mine5ca.js]
[pube.finance/wp-content/plugins/bdthemes-element-pack/assets/js/element-pack-site.min3e35.js]
[pube.finance/wp-content/plugins/elementor/assets/js/preloaded-modules.mine5ca.js]
[pube.finance/index.html]
[cdn.jsdelivr.net/gh/nuxodin/ie11CustomProperties@4.1.0/ie11CustomProperties.min.js]
[pube.finance/wp-content/plugins/bdthemes-element-pack/assets/css/bdt-uikita25a.css]
[pube.finance/wp-content/plugins/bdthemes-element-pack/assets/css/element-pack-site3e35.css]
[pube.finance/wp-includes/css/dist/block-library/style.mina78f.css]
[pube.finance/wp-content/plugins/popup-builder/public/css/themea54c.css]
[pube.finance/wp-content/uploads/essential-addons-elementor/cb70d11b8.mind3c6.css]
[pube.finance/wp-content/plugins/elementor/assets/lib/eicons/fonts/eiconsa481.eot]
[pube.finance/wp-content/plugins/elementor/assets/lib/eicons/fonts/eiconsa481.woff]
[pube.finance/wp-content/plugins/elementor/assets/lib/eicons/fonts/eiconsa481.ttf]
[pube.finance/wp-content/plugins/elementor/assets/lib/eicons/css/elementor-icons.min21f9.css]
[pube.finance/wp-content/plugins/essential-addons-for-elementor-lite/assets/admin/images/templately/logo-icon.svg]
[pube.finance/wp-content/plugins/elementor/assets/lib/animations/animations.mine5ca.css]
[pube.finance/wp-content/plugins/elementor/assets/css/frontend.mine5ca.css]
[pube.finance/wp-content/uploads/elementor/css/post-401a41.css]
[pube.finance/wp-content/plugins/elementor/assets/lib/eicons/fonts/eiconsa481.svg]
[pube.finance/wp-content/uploads/2021/05/wallpaper.jpg]
[pube.finance/wp-content/uploads/elementor/css/post-51959e.css]
[pube.finance/wp-content/plugins/uicore-framework/assets/img/qoute-icon.png]
[pube.finance/wp-content/plugins/uicore-framework/assets/css/frontend7406.css]
[pube.finance/wp-content/plugins/uicore-framework/assets/fonts/uicore-icons0c4c.ttf]
[pube.finance/wp-content/plugins/uicore-framework/assets/fonts/uicore-icons7406.css]
[pube.finance/wp-content/plugins/elementor/assets/lib/font-awesome/css/fontawesome.min9e0b.css]
[pube.finance/wp-content/plugins/uicore-framework/assets/fonts/uicore-icons0c4c.svg]
[pube.finance/wp-content/plugins/elementor/assets/lib/font-awesome/webfonts/fa-solid-900.eot]
[pube.finance/wp-content/plugins/elementor/assets/lib/font-awesome/webfonts/fa-solid-900d41d.eot]
[pube.finance/wp-content/plugins/elementor/assets/lib/font-awesome/webfonts/fa-solid-900.woff]
[pube.finance/wp-content/plugins/elementor/assets/lib/font-awesome/webfonts/fa-solid-900.ttf]
[pube.finance/wp-content/plugins/elementor/assets/lib/font-awesome/css/solid.min9e0b.css]
[pube.finance/wp-content/plugins/elementor/assets/lib/font-awesome/webfonts/fa-solid-900.svg]
[pube.finance/wp-content/plugins/elementor/assets/lib/font-awesome/webfonts/fa-brands-400.eot]
[pube.finance/wp-content/plugins/elementor/assets/lib/font-awesome/webfonts/fa-brands-400d41d.eot]
[pube.finance/wp-content/plugins/elementor/assets/lib/font-awesome/webfonts/fa-brands-400.woff]
[pube.finance/wp-content/plugins/elementor/assets/lib/font-awesome/webfonts/fa-brands-400.ttf]
[pube.finance/wp-content/plugins/elementor/assets/lib/font-awesome/css/brands.min9e0b.css]
[pube.finance/wp-content/plugins/bdthemes-element-pack/assets/css/ep-advanced-button3e35.css]
[pube.finance/wp-content/plugins/bdthemes-element-pack/assets/css/ep-advanced-icon-box3e35.css]
[pube.finance/wp-content/plugins/elementor/assets/lib/font-awesome/webfonts/fa-regular-400.eot]
[pube.finance/wp-content/plugins/elementor/assets/lib/font-awesome/webfonts/fa-brands-400.svg]
[pube.finance/wp-content/plugins/elementor/assets/lib/font-awesome/webfonts/fa-regular-400d41d.eot]
[pube.finance/wp-content/plugins/elementor/assets/lib/font-awesome/webfonts/fa-regular-400.woff]
[pube.finance/wp-content/plugins/elementor/assets/lib/font-awesome/webfonts/fa-regular-400.ttf]
[pube.finance/wp-content/plugins/elementor/assets/lib/font-awesome/css/all.min7035.css]
[pube.finance/wp-content/plugins/elementor/assets/lib/font-awesome/css/v4-shims.min13f7.css]
[pube.finance/wp-content/plugins/bdthemes-element-pack/assets/css/ep-price-list3e35.css]
[pube.finance/wp-content/plugins/bdthemes-element-pack/assets/images/loading.svg]
[pube.finance/wp-content/plugins/elementor/assets/lib/eicons/fonts/eiconsa481.html]
[pube.finance/wp-content/plugins/elementor/assets/lib/eicons/fonts/eiconsa481.svg]
[pube.finance/wp-content/plugins/uicore-framework/assets/img/select-arrow.svg]
[pube.finance/wp-content/plugins/uicore-framework/assets/fonts/uicore-icons0c4c.svg]
[pube.finance/wp-content/plugins/elementor/assets/lib/font-awesome/webfonts/fa-solid-900.html]
[pube.finance/wp-content/plugins/elementor/assets/lib/font-awesome/webfonts/fa-regular-400.svg]
[pube.finance/wp-content/plugins/elementor/assets/lib/font-awesome/webfonts/fa-solid-900.svg]
[pube.finance/wp-content/plugins/elementor/assets/lib/font-awesome/webfonts/fa-brands-400.html]
[pube.finance/wp-content/plugins/elementor/assets/lib/font-awesome/webfonts/fa-brands-400.svg]
[pube.finance/wp-content/plugins/elementor/assets/lib/font-awesome/webfonts/fa-regular-400.html]
[pube.finance/wp-content/plugins/elementor/assets/lib/font-awesome/webfonts/fa-regular-400.svg]
[pube.finance/wp-content/plugins/bdthemes-element-pack/images/backgrounds/divider-icon.html]
[pube.finance/wp-content/plugins/bdthemes-element-pack/images/backgrounds/list-bullet.html]
[pube.finance/wp-content/plugins/bdthemes-element-pack/images/backgrounds/form-datalist.html]
